// Jest Snapshot v1, https://goo.gl/fbAQLP

exports[`Pruebas en ProductImage Debe de mostrar el componente con la imagen personalizada 1`] = `
<img
  alt="Product"
  className="productImg clase-custom"
  src="https://imagen.jpg"
/>
`;

exports[`Pruebas en ProductImage Debe de mostrar la imagen del producto 1`] = `
<div
  className="productCard undefined"
>
  <img
    alt="Product"
    className="productImg undefined"
    src="./coffee-mug.png"
  />
</div>
`;
